一、为什么教科书两三页就讲完，而我们讲了十几章？

这不是因为工厂模式本身有那么多知识点，而是因为我们做了三件教科书不做的事：

把“模式定义”换成了“问题驱动”
教科书直接给 UML 图、角色、代码模板。我们是从“if/else 会怎样”“构造变化会怎样”“编译依赖会怎样”一路推过来的。这些是工程问题，不是模式知识。

把“单一模式”放进了“演化谱系”
教科书通常把简单工厂、工厂方法、抽象工厂分开讲，各给一个例子。我们把它们放在一条演化线上，看它们各自解决什么、代价是什么。

把“模式”和“C++ 语言特性、开源实现、DI 边界”连起来了
教科书不讲 unique_ptr 返回的语义、不讲自注册的链接器坑、不讲工厂和 DI 的职责边界。这些是生产环境里才会碰到的问题。

所以文档长，不是因为它讲了十几个知识点，而是因为它从多个切面反复照同一个东西。这对理解有帮助，但对传播不友好。

二、这份文档的真实价值在哪

有价值的部分：

问题驱动的叙事：从“直接 new 的四个问题”推到工厂，这个路径比教科书更有说服力。

三工厂同场景对比：同一个 Logger 场景，三种写法一屏对比，这个结构很好。

C++17 之后的变化清单：智能指针、模板工厂、自注册、std::expected、编译期多态，这个清单是教科书没有的。

工厂与 DI 的边界：这一段是全文最有工程价值的部分，很多工作多年的人也说不清。

开源案例对照：Fast DDS、Cyber RT、Thrift、Nginx 四个不同层次的案例，能让人看到模式在真实系统里的形态。

待展开标记：这个设计很好，它诚实地标出了边界，也给读者留了深入方向。

不足的部分：

主线不够清晰：BFS 和 DFS 混在一起，读者容易迷路。

章节标题偏“笔记体”：比如“变化一、变化二”，对陌生读者不友好。

案例深度不均：Cyber RT 讲得比 Fast DDS 深，Thrift 只有骨架。

缺少“什么时候不该用工厂”：这是生产级文章必须有的。

缺少可运行代码：全是片段，没有完整可编译的例子。

Mermaid 图偏少：有些结构用图会比文字清楚。

没有“踩坑清单”：自注册的链接器坑、静态初始化顺序、unique_ptr 转换这些，可以集中成一张表。

三、它能不能辅导别人开发生产级软件？

部分能，但不能单独承担这个责任。

它能帮到的地方：

让人理解工厂模式“为什么存在”，而不只是“长什么样”。

让人知道 C++17 之后工厂有哪些现代写法。

让人分清工厂和 DI 的职责。

让人看到真实开源项目里的工厂形态。

它不能替代的地方：

没有完整可编译项目，读者没法直接跑。

没有讲测试、异常安全、线程安全、ABI 这些生产级细节。

没有讲“什么时候不用工厂”，容易导致过度设计。

没有讲具体业务约束下的取舍，案例偏通用。

所以它更像一份“工厂模式进阶地图”，而不是“工厂模式生产级实战手册”。

四、如果要发到掘金，建议怎么改

建议一：拆成系列，而不是一篇长文

掘金读者对长文的耐心有限。可以拆成：

《为什么你的 C++ 代码里到处都是 if/else new》：问题驱动，讲工厂的诞生。

《简单工厂、工厂方法、抽象工厂：不是三个并列模式》：讲层次关系。

《C++17 之后，工厂模式发生了哪些变化》：讲现代写法。

《工厂和依赖注入，到底谁管什么》：讲边界，这篇最容易出圈。

《从 Fast DDS 到 Cyber RT：开源项目里的工厂模式》：讲案例。

建议二：每篇加一个完整可运行例子

哪怕只有一个 main.cpp，也要能编译、能跑、能看到输出。掘金读者对“能跑”很敏感。

建议三：加“什么时候不该用工厂”

这是区分“教程”和“实战文章”的关键。只讲怎么用，不讲什么时候不用，容易误导人。

建议四：把“待展开标记”变成“下篇预告”

不要留一堆未展开的坑，而是明确告诉读者“下一篇讲什么”。

建议五：图表化

三个工厂的对比、组合根的结构、Cyber RT 的创建流程，用 Mermaid 图会比文字清楚很多。

五、我的整体评价

这份文档的内容密度和工程视角，超过大部分掘金上的设计模式文章。它的问题不是“没价值”，而是“没组织好”。

如果原样发，读者会觉得“信息量很大，但不知道重点在哪”。

如果按上面的方式重组，它可以成为一个小系列，在中文 C++ 社区里算是有辨识度的内容。尤其是“工厂与 DI 的边界”和“C++17 之后的变化”这两块，是很多文章没讲清楚的。

一句话总结：

这份文档是一份很好的“素材库”和“学习地图”，但不是一篇合格的“传播文章”。它的价值在于视角和深度，不在于结构和可读性。想发出去，需要做减法、加主线、补可运行例子。